// Jest Snapshot v1, https://goo.gl/fbAQLP

exports[`PlantSearch component tests matches snapshot 1`] = `
<DocumentFragment>
  <main
    class="Plant-search"
  >
    <h1>
      Plant Directory
    </h1>
    <form
      autocomplete="off"
      class="Plant-search__form"
    >
      <input
        autocomplete="false"
        name="hidden"
        style="display: none;"
        type="text"
      />
      <input
        class="Form__input--text"
        name="searchTerm"
        placeholder="Start typing plant name"
        type="text"
        value=""
      />
    </form>
    <div
      aria-busy="true"
      aria-label="ball-triangle-loading"
      class="[object Object]"
      data-testid="ball-triangle-loading"
      role="status"
      style="display: flex;"
    >
      <svg
        data-testid="ball-triangle-svg"
        height="100"
        stroke="var(--color-primary-400)"
        viewBox="0 0 57 57"
        width="100"
        xmlns="http://www.w3.org/2000/svg"
      >
        <g
          fill="none"
          fill-rule="evenodd"
        >
          <g
            stroke-width="2"
            transform="translate(1 1)"
          >
            <circle
              cx="5"
              cy="50"
              r="5"
            >
              <animate
                attributeName="cy"
                begin="0s"
                calcMode="linear"
                dur="2.2s"
                repeatCount="indefinite"
                values="50;5;50;50"
              />
              <animate
                attributeName="cx"
                begin="0s"
                calcMode="linear"
                dur="2.2s"
                repeatCount="indefinite"
                values="5;27;49;5"
              />
            </circle>
            <circle
              cx="27"
              cy="5"
              r="5"
            >
              <animate
                attributeName="cy"
                begin="0s"
                calcMode="linear"
                dur="2.2s"
                from="5"
                repeatCount="indefinite"
                to="5"
                values="5;50;50;5"
              />
              <animate
                attributeName="cx"
                begin="0s"
                calcMode="linear"
                dur="2.2s"
                from="27"
                repeatCount="indefinite"
                to="27"
                values="27;49;5;27"
              />
            </circle>
            <circle
              cx="49"
              cy="50"
              r="5"
            >
              <animate
                attributeName="cy"
                begin="0s"
                calcMode="linear"
                dur="2.2s"
                repeatCount="indefinite"
                values="50;50;5;50"
              />
              <animate
                attributeName="cx"
                begin="0s"
                calcMode="linear"
                dur="2.2s"
                from="49"
                repeatCount="indefinite"
                to="49"
                values="49;5;27;49"
              />
            </circle>
          </g>
        </g>
      </svg>
    </div>
    <p
      class="pulsing"
    >
      Loading...
    </p>
  </main>
</DocumentFragment>
`;

exports[`PlantSearch component tests matches snapshot when logged out 1`] = `
<DocumentFragment>
  <main
    class="Plant-search"
  >
    <h1>
      Plant Directory
    </h1>
    <form
      autocomplete="off"
      class="Plant-search__form"
    >
      <input
        autocomplete="false"
        name="hidden"
        style="display: none;"
        type="text"
      />
      <input
        class="Form__input--text"
        name="searchTerm"
        placeholder="Start typing plant name"
        type="text"
        value=""
      />
    </form>
    <div
      aria-busy="true"
      aria-label="ball-triangle-loading"
      class="[object Object]"
      data-testid="ball-triangle-loading"
      role="status"
      style="display: flex;"
    >
      <svg
        data-testid="ball-triangle-svg"
        height="100"
        stroke="var(--color-primary-400)"
        viewBox="0 0 57 57"
        width="100"
        xmlns="http://www.w3.org/2000/svg"
      >
        <g
          fill="none"
          fill-rule="evenodd"
        >
          <g
            stroke-width="2"
            transform="translate(1 1)"
          >
            <circle
              cx="5"
              cy="50"
              r="5"
            >
              <animate
                attributeName="cy"
                begin="0s"
                calcMode="linear"
                dur="2.2s"
                repeatCount="indefinite"
                values="50;5;50;50"
              />
              <animate
                attributeName="cx"
                begin="0s"
                calcMode="linear"
                dur="2.2s"
                repeatCount="indefinite"
                values="5;27;49;5"
              />
            </circle>
            <circle
              cx="27"
              cy="5"
              r="5"
            >
              <animate
                attributeName="cy"
                begin="0s"
                calcMode="linear"
                dur="2.2s"
                from="5"
                repeatCount="indefinite"
                to="5"
                values="5;50;50;5"
              />
              <animate
                attributeName="cx"
                begin="0s"
                calcMode="linear"
                dur="2.2s"
                from="27"
                repeatCount="indefinite"
                to="27"
                values="27;49;5;27"
              />
            </circle>
            <circle
              cx="49"
              cy="50"
              r="5"
            >
              <animate
                attributeName="cy"
                begin="0s"
                calcMode="linear"
                dur="2.2s"
                repeatCount="indefinite"
                values="50;50;5;50"
              />
              <animate
                attributeName="cx"
                begin="0s"
                calcMode="linear"
                dur="2.2s"
                from="49"
                repeatCount="indefinite"
                to="49"
                values="49;5;27;49"
              />
            </circle>
          </g>
        </g>
      </svg>
    </div>
    <p
      class="pulsing"
    >
      Loading...
    </p>
  </main>
</DocumentFragment>
`;
